[hmpl-lang.dev/index.html]
[backblue.gif]
[fade.gif]
[index.html]
[hmpl-lang.dev/images/favicon.ico]
[hmpl-lang.dev/assets/style-uYM94Zxi.css]
[hmpl-lang.dev/assets/app-CRWUjIol.js]
[hmpl-lang.dev/assets/index.html-_VV-YjsS.js]
[hmpl-lang.dev/assets/plugin-vue_export-helper-DlAUqK2U.js]
[hmpl-lang.dev/assets/changelog.html-cRK6FJaZ.js]
[hmpl-lang.dev/assets/examples.html-CSXToHro.js]
[hmpl-lang.dev/assets/getting-started.html-Tr-zJhBi.js]
[hmpl-lang.dev/assets/hmpl.html-CmXFvZj1.js]
[hmpl-lang.dev/assets/installation.html-CUPFn1dI.js]
[hmpl-lang.dev/assets/introduction.html-CDHJl3NZ.js]
[hmpl-lang.dev/assets/request.html-8AsiAmYd.js]
[hmpl-lang.dev/assets/server-configuration.html-soIClprG.js]
[hmpl-lang.dev/assets/types.html-C-X_WLof.js]
[hmpl-lang.dev/assets/vs-code-extension.html-BgF__Qbn.js]
[hmpl-lang.dev/assets/webpack.html-D6ikQ2jG.js]
[hmpl-lang.dev/assets/why-hmpl.html-DuuSskts.js]
[hmpl-lang.dev/assets/discussion-and-development-of-an-open-source-project.html-TUt6bjgu.js]
[hmpl-lang.dev/assets/github-repository-with-examples.html-CE7ZuIi7.js]
[hmpl-lang.dev/assets/server-side-rendering.html-CWQ56Vup.js]
[hmpl-lang.dev/assets/404.html-BXz2TmDJ.js]
[hmpl-lang.dev/assets/index.html-DR7SulSu.js]
[hmpl-lang.dev/assets/photoswipe.esm-GXRgw7eJ.js]
[hmpl-lang.dev/assets/setupDevtools-7MC2TMWH-bPHFmTlK.js]
[hmpl-lang.dev/images/logo.svg]
[hmpl-lang.dev/introduction.html]
[hmpl-lang.dev/examples.html]
[hmpl-lang.dev/why-hmpl.html]
[hmpl-lang.dev/images/logo_new.svg]
[hmpl-lang.dev/index.html]
[hmpl-lang.dev/getting-started.html]
[hmpl-lang.dev/images/arrow.svg]
[hmpl-lang.dev/assets/style-uYM94Zxi.css]
[hmpl-lang.dev/images/logo.svg]
[hmpl-lang.dev/installation.html]
[hmpl-lang.dev/server-configuration.html]
[hmpl-lang.dev/hmpl.html]
[hmpl-lang.dev/request.html]
[hmpl-lang.dev/types.html]
[hmpl-lang.dev/webpack.html]
[hmpl-lang.dev/vs-code-extension.html]
[hmpl-lang.dev/about/discussion-and-development-of-an-open-source-project.html]
[hmpl-lang.dev/about/github-repository-with-examples.html]
[hmpl-lang.dev/about/server-side-rendering.html]
[hmpl-lang.dev/changelog.html]
[hmpl-lang.dev/introduction.html]
[hmpl-lang.dev/examples.html]
[hmpl-lang.dev/why-hmpl.html]
[hmpl-lang.dev/images/logo_new.svg]
[hmpl-lang.dev/getting-started.html]
[hmpl-lang.dev/images/arrow.svg]
[hmpl-lang.dev/about/index.html]
[unpkg.com/hmpl-js@2.2.3/dist/hmpl.min.js]
[hmpl-lang.dev/installation.html]
[hmpl-lang.dev/server-configuration.html]
[hmpl-lang.dev/hmpl.html]
[unpkg.com/hmpl-js@2.2.3/dist/hmpl.js]
[hmpl-lang.dev/images/memo.png]
[hmpl-lang.dev/request.html]
[hmpl-lang.dev/types.html]
[hmpl-lang.dev/webpack.html]
[hmpl-lang.dev/vs-code-extension.html]
[hmpl-lang.dev/about/discussion-and-development-of-an-open-source-project.html]
[hmpl-lang.dev/about/github-repository-with-examples.html]
[hmpl-lang.dev/about/server-side-rendering.html]
[hmpl-lang.dev/changelog.html]
[hmpl-lang.dev/about/index.html]
